Copyright 1986-2022 Xilinx, Inc. All Rights Reserved. Copyright 2022-2025 Advanced Micro Devices, Inc. All Rights Reserved.
---------------------------------------------------------------------------------------------------------------------------------------------
| Tool Version : Vivado v.2025.2 (win64) Build 6299465 Fri Nov 14 19:35:11 GMT 2025
| Date         : Wed Jun  3 12:23:47 2026
| Host         : JINAN-Zephyrus running 64-bit major release  (build 9200)
| Command      : report_timing_summary -file D:/Project_3/syn/timing_summary.rpt
| Design       : ecg_top
| Device       : 7a35t-cpg236
| Speed File   : -1  PRODUCTION 1.23 2018-06-13
| Design State : Synthesized
---------------------------------------------------------------------------------------------------------------------------------------------

Timing Summary Report

------------------------------------------------------------------------------------------------
| Timer Settings
| --------------
------------------------------------------------------------------------------------------------

  Enable Multi Corner Analysis               :  Yes
  Enable Pessimism Removal                   :  Yes
  Pessimism Removal Resolution               :  Nearest Common Node
  Enable Input Delay Default Clock           :  No
  Enable Preset / Clear Arcs                 :  No
  Disable Flight Delays                      :  No
  Ignore I/O Paths                           :  No
  Timing Early Launch at Borrowing Latches   :  No
  Borrow Time for Max Delay Exceptions       :  Yes
  Merge Timing Exceptions                    :  Yes
  Inter-SLR Compensation                     :  Conservative

  Corner  Analyze    Analyze    
  Name    Max Paths  Min Paths  
  ------  ---------  ---------  
  Slow    Yes        Yes        
  Fast    Yes        Yes        


------------------------------------------------------------------------------------------------
| Report Methodology
| ------------------
------------------------------------------------------------------------------------------------

No report available as report_methodology has not been run prior. Run report_methodology on the current design for the summary of methodology violations.



check_timing report

Table of Contents
-----------------
1. checking no_clock (0)
2. checking constant_clock (0)
3. checking pulse_width_clock (0)
4. checking unconstrained_internal_endpoints (0)
5. checking no_input_delay (0)
6. checking no_output_delay (0)
7. checking multiple_clock (0)
8. checking generated_clocks (0)
9. checking loops (0)
10. checking partial_input_delay (0)
11. checking partial_output_delay (0)
12. checking latch_loops (0)

1. checking no_clock (0)
------------------------
 There are 0 register/latch pins with no clock.


2. checking constant_clock (0)
------------------------------
 There are 0 register/latch pins with constant_clock.


3. checking pulse_width_clock (0)
---------------------------------
 There are 0 register/latch pins which need pulse_width check


4. checking unconstrained_internal_endpoints (0)
------------------------------------------------
 There are 0 pins that are not constrained for maximum delay.

 There are 0 pins that are not constrained for maximum delay due to constant clock.


5. checking no_input_delay (0)
------------------------------
 There are 0 input ports with no input delay specified.

 There are 0 input ports with no input delay but user has a false path constraint.


6. checking no_output_delay (0)
-------------------------------
 There are 0 ports with no output delay specified.

 There are 0 ports with no output delay but user has a false path constraint

 There are 0 ports with no output delay but with a timing clock defined on it or propagating through it


7. checking multiple_clock (0)
------------------------------
 There are 0 register/latch pins with multiple clocks.


8. checking generated_clocks (0)
--------------------------------
 There are 0 generated clocks that are not connected to a clock source.


9. checking loops (0)
---------------------
 There are 0 combinational loops in the design.


10. checking partial_input_delay (0)
------------------------------------
 There are 0 input ports with partial input delay specified.


11. checking partial_output_delay (0)
-------------------------------------
 There are 0 ports with partial output delay specified.


12. checking latch_loops (0)
----------------------------
 There are 0 combinational latch loops in the design through latch input



------------------------------------------------------------------------------------------------
| Design Timing Summary
| ---------------------
------------------------------------------------------------------------------------------------

    WNS(ns)      TNS(ns)  TNS Failing Endpoints  TNS Total Endpoints      WHS(ns)      THS(ns)  THS Failing Endpoints  THS Total Endpoints     WPWS(ns)     TPWS(ns)  TPWS Failing Endpoints  TPWS Total Endpoints  
    -------      -------  ---------------------  -------------------      -------      -------  ---------------------  -------------------     --------     --------  ----------------------  --------------------  
    -65.413    -1057.891                     34                 2599        0.101        0.000                      0                 2599        4.020        0.000                       0                   518  


Timing constraints are not met.


------------------------------------------------------------------------------------------------
| Clock Summary
| -------------
------------------------------------------------------------------------------------------------

Clock  Waveform(ns)       Period(ns)      Frequency(MHz)
-----  ------------       ----------      --------------
clk    {0.000 5.000}      10.000          100.000         


------------------------------------------------------------------------------------------------
| Intra Clock Table
| -----------------
------------------------------------------------------------------------------------------------

Clock             WNS(ns)      TNS(ns)  TNS Failing Endpoints  TNS Total Endpoints      WHS(ns)      THS(ns)  THS Failing Endpoints  THS Total Endpoints     WPWS(ns)     TPWS(ns)  TPWS Failing Endpoints  TPWS Total Endpoints  
-----             -------      -------  ---------------------  -------------------      -------      -------  ---------------------  -------------------     --------     --------  ----------------------  --------------------  
clk               -65.413    -1057.891                     34                 2599        0.101        0.000                      0                 2599        4.020        0.000                       0                   518  


------------------------------------------------------------------------------------------------
| Inter Clock Table
| -----------------
------------------------------------------------------------------------------------------------

From Clock    To Clock          WNS(ns)      TNS(ns)  TNS Failing Endpoints  TNS Total Endpoints      WHS(ns)      THS(ns)  THS Failing Endpoints  THS Total Endpoints  
----------    --------          -------      -------  ---------------------  -------------------      -------      -------  ---------------------  -------------------  


------------------------------------------------------------------------------------------------
| Other Path Groups Table
| -----------------------
------------------------------------------------------------------------------------------------

Path Group    From Clock    To Clock          WNS(ns)      TNS(ns)  TNS Failing Endpoints  TNS Total Endpoints      WHS(ns)      THS(ns)  THS Failing Endpoints  THS Total Endpoints  
----------    ----------    --------          -------      -------  ---------------------  -------------------      -------      -------  ---------------------  -------------------  


------------------------------------------------------------------------------------------------
| Timing Details
| --------------
------------------------------------------------------------------------------------------------


---------------------------------------------------------------------------------------------------
From Clock:  clk
  To Clock:  clk

Setup :           34  Failing Endpoints,  Worst Slack      -65.413ns,  Total Violation    -1057.891ns
Hold  :            0  Failing Endpoints,  Worst Slack        0.101ns,  Total Violation        0.000ns
PW    :            0  Failing Endpoints,  Worst Slack        4.020ns,  Total Violation        0.000ns
---------------------------------------------------------------------------------------------------


Max Delay Paths
--------------------------------------------------------------------------------------
Slack (VIOLATED) :        -65.413ns  (required time - arrival time)
  Source:                 u_mad/rr_buf_reg[6][0]/C
                            (rising edge-triggered cell FDRE clocked by clk  {rise@0.000ns fall@5.000ns period=10.000ns})
  Destination:            u_mad/nv_q15_reg[0]/D
                            (rising edge-triggered cell FDRE clocked by clk  {rise@0.000ns fall@5.000ns period=10.000ns})
  Path Group:             clk
  Path Type:              Setup (Max at Slow Process Corner)
  Requirement:            10.000ns  (clk rise@10.000ns - clk rise@0.000ns)
  Data Path Delay:        75.262ns  (logic 49.260ns (65.451%)  route 26.002ns (34.549%))
  Logic Levels:           181  (CARRY4=168 LUT2=2 LUT3=5 LUT4=1 LUT5=3 LUT6=2)
  Clock Path Skew:        -0.145ns (DCD - SCD + CPR)
    Destination Clock Delay (DCD):    2.079ns = ( 12.079 - 10.000 ) 
    Source Clock Delay      (SCD):    2.402ns
    Clock Pessimism Removal (CPR):    0.178ns
  Clock Uncertainty:      0.035ns  ((TSJ^2 + TIJ^2)^1/2 + DJ) / 2 + PE
    Total System Jitter     (TSJ):    0.071ns
    Total Input Jitter      (TIJ):    0.000ns
    Discrete Jitter          (DJ):    0.000ns
    Phase Error              (PE):    0.000ns

    Location             Delay type                Incr(ns)  Path(ns)    Netlist Resource(s)
  -------------------------------------------------------------------    -------------------
                         (clock clk rise edge)        0.000     0.000 r  
                                                      0.000     0.000 r  clk (IN)
                         net (fo=0)                   0.000     0.000    clk
                         IBUF (Prop_ibuf_I_O)         0.923     0.923 r  clk_IBUF_inst/O
                         net (fo=1, unplaced)         0.800     1.722    clk_IBUF
                         BUFG (Prop_bufg_I_O)         0.096     1.818 r  clk_IBUF_BUFG_inst/O
                         net (fo=549, unplaced)       0.584     2.402    u_mad/clk_IBUF_BUFG
                         FDRE                                         r  u_mad/rr_buf_reg[6][0]/C
  -------------------------------------------------------------------    -------------------
                         FDRE (Prop_fdre_C_Q)         0.456     2.858 r  u_mad/rr_buf_reg[6][0]/Q
                         net (fo=7, unplaced)         0.776     3.634    u_mad/rr_buf_reg[6]_6[0]
                         LUT3 (Prop_lut3_I0_O)        0.295     3.929 r  u_mad/classification[1]_i_94/O
                         net (fo=1, unplaced)         0.639     4.568    u_mad/classification[1]_i_94_n_0
                         CARRY4 (Prop_carry4_DI[1]_CO[3])
                                                      0.520     5.088 r  u_mad/classification_reg[1]_i_56/CO[3]
                         net (fo=1, unplaced)         0.009     5.097    u_mad/classification_reg[1]_i_56_n_0
                         CARRY4 (Prop_carry4_CI_CO[3])
                                                      0.117     5.214 r  u_mad/classification_reg[1]_i_52/CO[3]
                         net (fo=1, unplaced)         0.000     5.214    u_mad/classification_reg[1]_i_52_n_0
                         CARRY4 (Prop_carry4_CI_O[1])
                                                      0.337     5.551 r  u_mad/classification_reg[1]_i_62/O[1]
                         net (fo=3, unplaced)         0.629     6.180    u_mad/classification_reg[1]_i_62_n_6
                         LUT3 (Prop_lut3_I1_O)        0.306     6.486 r  u_mad/classification[1]_i_65/O
                         net (fo=2, unplaced)         0.460     6.946    u_mad/classification[1]_i_65_n_0
                         LUT5 (Prop_lut5_I4_O)        0.124     7.070 r  u_mad/classification[1]_i_32/O
                         net (fo=2, unplaced)         0.460     7.530    u_mad/classification[1]_i_32_n_0
                         LUT6 (Prop_lut6_I0_O)        0.124     7.654 r  u_mad/classification[1]_i_36/O
                         net (fo=1, unplaced)         0.000     7.654    u_mad/classification[1]_i_36_n_0
                         CARRY4 (Prop_carry4_S[2]_CO[3])
                                                      0.380     8.034 r  u_mad/classification_reg[1]_i_10/CO[3]
                         net (fo=1, unplaced)         0.000     8.034    u_mad/classification_reg[1]_i_10_n_0
                         CARRY4 (Prop_carry4_CI_O[1])
                                                      0.337     8.371 f  u_mad/classification_reg[1]_i_11/O[1]
                         net (fo=57, unplaced)        0.697     9.068    u_mad/p_1_in[10]
                         LUT4 (Prop_lut4_I1_O)        0.332     9.400 r  u_mad/nv_q15[15]_i_608/O
                         net (fo=1, unplaced)         0.000     9.400    u_mad/nv_q15[15]_i_608_n_0
                         CARRY4 (Prop_carry4_DI[1]_CO[3])
                                                      0.547     9.947 r  u_mad/nv_q15_reg[15]_i_513/CO[3]
                         net (fo=15, unplaced)        0.971    10.918    u_mad/nv_q15_reg[15]_i_513_n_0
                         LUT2 (Prop_lut2_I0_O)        0.116    11.034 r  u_mad/nv_q15[15]_i_374/O
                         net (fo=1, unplaced)         0.000    11.034    u_mad/nv_q15[15]_i_374_n_0
                         CARRY4 (Prop_carry4_DI[0]_CO[3])
                                                      0.576    11.610 r  u_mad/nv_q15_reg[15]_i_295/CO[3]
                         net (fo=1, unplaced)         0.009    11.619    u_mad/nv_q15_reg[15]_i_295_n_0
                         CARRY4 (Prop_carry4_CI_CO[3])
                                                      0.117    11.736 r  u_mad/nv_q15_reg[15]_i_314/CO[3]
                         net (fo=1, unplaced)         0.000    11.736    u_mad/nv_q15_reg[15]_i_314_n_0
                         CARRY4 (Prop_carry4_CI_O[0])
                                                      0.232    11.968 r  u_mad/nv_q15_reg[15]_i_510/O[0]
                         net (fo=3, unplaced)         0.759    12.727    u_mad/p_1_out3_in[8]
                         LUT3 (Prop_lut3_I0_O)        0.295    13.022 r  u_mad/nv_q15[15]_i_357/O
                         net (fo=1, unplaced)         0.639    13.661    u_mad/nv_q15[15]_i_357_n_0
                         CARRY4 (Prop_carry4_DI[1]_CO[3])
                                                      0.520    14.181 r  u_mad/nv_q15_reg[15]_i_289/CO[3]
                         net (fo=1, unplaced)         0.000    14.181    u_mad/nv_q15_reg[15]_i_289_n_0
                         CARRY4 (Prop_carry4_CI_O[1])
                                                      0.337    14.518 r  u_mad/nv_q15_reg[15]_i_683/O[1]
                         net (fo=3, unplaced)         0.629    15.147    u_mad/nv_q15_reg[15]_i_683_n_6
                         LUT3 (Prop_lut3_I0_O)        0.306    15.453 r  u_mad/nv_q15[15]_i_686/O
                         net (fo=2, unplaced)         0.460    15.913    u_mad/nv_q15[15]_i_686_n_0
                         LUT5 (Prop_lut5_I4_O)        0.124    16.037 r  u_mad/nv_q15[15]_i_550/O
                         net (fo=2, unplaced)         0.460    16.497    u_mad/nv_q15[15]_i_550_n_0
                         LUT6 (Prop_lut6_I0_O)        0.124    16.621 r  u_mad/nv_q15[15]_i_554/O
                         net (fo=1, unplaced)         0.000    16.621    u_mad/nv_q15[15]_i_554_n_0
                         CARRY4 (Prop_carry4_S[2]_CO[3])
                                                      0.380    17.001 r  u_mad/nv_q15_reg[15]_i_503/CO[3]
                         net (fo=1, unplaced)         0.000    17.001    u_mad/nv_q15_reg[15]_i_503_n_0
                         CARRY4 (Prop_carry4_CI_O[2])
                                                      0.256    17.257 r  u_mad/nv_q15_reg[15]_i_808/O[2]
                         net (fo=2, unplaced)         0.463    17.720    u_mad/nv_result1[18]
                         LUT2 (Prop_lut2_I1_O)        0.301    18.021 r  u_mad/nv_q15[15]_i_917/O
                         net (fo=1, unplaced)         0.000    18.021    u_mad/nv_q15[15]_i_917_n_0
                         CARRY4 (Prop_carry4_S[0]_CO[3])
                                                      0.513    18.534 r  u_mad/nv_q15_reg[15]_i_832/CO[3]
                         net (fo=1, unplaced)         0.009    18.543    u_mad/nv_q15_reg[15]_i_832_n_0
                         CARRY4 (Prop_carry4_CI_CO[3])
                                                      0.117    18.660 r  u_mad/nv_q15_reg[15]_i_827/CO[3]
                         net (fo=1, unplaced)         0.000    18.660    u_mad/nv_q15_reg[15]_i_827_n_0
                         CARRY4 (Prop_carry4_CI_CO[3])
                                                      0.117    18.777 r  u_mad/nv_q15_reg[15]_i_822/CO[3]
                         net (fo=1, unplaced)         0.000    18.777    u_mad/nv_q15_reg[15]_i_822_n_0
                         CARRY4 (Prop_carry4_CI_CO[3])
                                                      0.117    18.894 r  u_mad/nv_q15_reg[15]_i_819/CO[3]
                         net (fo=1, unplaced)         0.000    18.894    u_mad/nv_q15_reg[15]_i_819_n_0
                         CARRY4 (Prop_carry4_CI_CO[0])
                                                      0.281    19.175 r  u_mad/nv_q15_reg[15]_i_818/CO[0]
                         net (fo=19, unplaced)        0.370    19.545    u_mad/nv_q15_reg[15]_i_818_n_3
                         LUT3 (Prop_lut3_I0_O)        0.367    19.912 r  u_mad/nv_q15[15]_i_839/O
                         net (fo=1, unplaced)         0.000    19.912    u_mad/nv_q15[15]_i_839_n_0
                         CARRY4 (Prop_carry4_S[1]_CO[3])
                                                      0.533    20.445 r  u_mad/nv_q15_reg[15]_i_803/CO[3]
                         net (fo=1, unplaced)         0.009    20.454    u_mad/nv_q15_reg[15]_i_803_n_0
                         CARRY4 (Prop_carry4_CI_CO[3])
                                                      0.117    20.571 r  u_mad/nv_q15_reg[15]_i_798/CO[3]
                         net (fo=1, unplaced)         0.000    20.571    u_mad/nv_q15_reg[15]_i_798_n_0
                         CARRY4 (Prop_carry4_CI_CO[3])
                                                      0.117    20.688 r  u_mad/nv_q15_reg[15]_i_793/CO[3]
                         net (fo=1, unplaced)         0.000    20.688    u_mad/nv_q15_reg[15]_i_793_n_0
                         CARRY4 (Prop_carry4_CI_CO[3])
                                                      0.117    20.805 r  u_mad/nv_q15_reg[15]_i_790/CO[3]
                         net (fo=1, unplaced)         0.000    20.805    u_mad/nv_q15_reg[15]_i_790_n_0
                         CARRY4 (Prop_carry4_CI_CO[1])
                                                      0.179    20.984 r  u_mad/nv_q15_reg[15]_i_789/CO[1]
                         net (fo=19, unplaced)        0.584    21.568    u_mad/nv_q15_reg[15]_i_789_n_2
                         CARRY4 (Prop_carry4_CYINIT_CO[3])
                                                      0.803    22.371 r  u_mad/nv_q15_reg[15]_i_751/CO[3]
                         net (fo=1, unplaced)         0.009    22.380    u_mad/nv_q15_reg[15]_i_751_n_0
                         CARRY4 (Prop_carry4_CI_CO[3])
                                                      0.117    22.497 r  u_mad/nv_q15_reg[15]_i_746/CO[3]
                         net (fo=1, unplaced)         0.000    22.497    u_mad/nv_q15_reg[15]_i_746_n_0
                         CARRY4 (Prop_carry4_CI_CO[3])
                                                      0.117    22.614 r  u_mad/nv_q15_reg[15]_i_741/CO[3]
                         net (fo=1, unplaced)         0.000    22.614    u_mad/nv_q15_reg[15]_i_741_n_0
                         CARRY4 (Prop_carry4_CI_CO[3])
                                                      0.117    22.731 r  u_mad/nv_q15_reg[15]_i_738/CO[3]
                         net (fo=1, unplaced)         0.000    22.731    u_mad/nv_q15_reg[15]_i_738_n_0
                         CARRY4 (Prop_carry4_CI_CO[1])
                                                      0.179    22.910 r  u_mad/nv_q15_reg[15]_i_737/CO[1]
                         net (fo=19, unplaced)        0.584    23.494    u_mad/nv_q15_reg[15]_i_737_n_2
                         CARRY4 (Prop_carry4_CYINIT_CO[3])
                                                      0.803    24.297 r  u_mad/nv_q15_reg[15]_i_673/CO[3]
                         net (fo=1, unplaced)         0.009    24.306    u_mad/nv_q15_reg[15]_i_673_n_0
                         CARRY4 (Prop_carry4_CI_CO[3])
                                                      0.117    24.423 r  u_mad/nv_q15_reg[15]_i_668/CO[3]
                         net (fo=1, unplaced)         0.000    24.423    u_mad/nv_q15_reg[15]_i_668_n_0
                         CARRY4 (Prop_carry4_CI_CO[3])
                                                      0.117    24.540 r  u_mad/nv_q15_reg[15]_i_663/CO[3]
                         net (fo=1, unplaced)         0.000    24.540    u_mad/nv_q15_reg[15]_i_663_n_0
                         CARRY4 (Prop_carry4_CI_CO[3])
                                                      0.117    24.657 r  u_mad/nv_q15_reg[15]_i_660/CO[3]
                         net (fo=1, unplaced)         0.000    24.657    u_mad/nv_q15_reg[15]_i_660_n_0
                         CARRY4 (Prop_carry4_CI_CO[1])
                                                      0.179    24.836 r  u_mad/nv_q15_reg[15]_i_659/CO[1]
                         net (fo=19, unplaced)        0.584    25.420    u_mad/nv_q15_reg[15]_i_659_n_2
                         CARRY4 (Prop_carry4_CYINIT_CO[3])
                                                      0.803    26.223 r  u_mad/nv_q15_reg[15]_i_541/CO[3]
                         net (fo=1, unplaced)         0.009    26.232    u_mad/nv_q15_reg[15]_i_541_n_0
                         CARRY4 (Prop_carry4_CI_CO[3])
                                                      0.117    26.349 r  u_mad/nv_q15_reg[15]_i_536/CO[3]
                         net (fo=1, unplaced)         0.000    26.349    u_mad/nv_q15_reg[15]_i_536_n_0
                         CARRY4 (Prop_carry4_CI_CO[3])
                                                      0.117    26.466 r  u_mad/nv_q15_reg[15]_i_531/CO[3]
                         net (fo=1, unplaced)         0.000    26.466    u_mad/nv_q15_reg[15]_i_531_n_0
                         CARRY4 (Prop_carry4_CI_CO[3])
                                                      0.117    26.583 r  u_mad/nv_q15_reg[15]_i_528/CO[3]
                         net (fo=1, unplaced)         0.000    26.583    u_mad/nv_q15_reg[15]_i_528_n_0
                         CARRY4 (Prop_carry4_CI_CO[1])
                                                      0.179    26.762 r  u_mad/nv_q15_reg[15]_i_527/CO[1]
                         net (fo=19, unplaced)        0.584    27.346    u_mad/nv_q15_reg[15]_i_527_n_2
                         CARRY4 (Prop_carry4_CYINIT_CO[3])
                                                      0.803    28.149 r  u_mad/nv_q15_reg[15]_i_498/CO[3]
                         net (fo=1, unplaced)         0.009    28.158    u_mad/nv_q15_reg[15]_i_498_n_0
                         CARRY4 (Prop_carry4_CI_CO[3])
                                                      0.117    28.275 r  u_mad/nv_q15_reg[15]_i_493/CO[3]
                         net (fo=1, unplaced)         0.000    28.275    u_mad/nv_q15_reg[15]_i_493_n_0
                         CARRY4 (Prop_carry4_CI_CO[3])
                                                      0.117    28.392 r  u_mad/nv_q15_reg[15]_i_488/CO[3]
                         net (fo=1, unplaced)         0.000    28.392    u_mad/nv_q15_reg[15]_i_488_n_0
                         CARRY4 (Prop_carry4_CI_CO[3])
                                                      0.117    28.509 r  u_mad/nv_q15_reg[15]_i_485/CO[3]
                         net (fo=1, unplaced)         0.000    28.509    u_mad/nv_q15_reg[15]_i_485_n_0
                         CARRY4 (Prop_carry4_CI_CO[1])
                                                      0.179    28.688 r  u_mad/nv_q15_reg[15]_i_484/CO[1]
                         net (fo=19, unplaced)        0.584    29.272    u_mad/nv_q15_reg[15]_i_484_n_2
                         CARRY4 (Prop_carry4_CYINIT_CO[3])
                                                      0.803    30.075 r  u_mad/nv_q15_reg[15]_i_331/CO[3]
                         net (fo=1, unplaced)         0.009    30.084    u_mad/nv_q15_reg[15]_i_331_n_0
                         CARRY4 (Prop_carry4_CI_CO[3])
                                                      0.117    30.201 r  u_mad/nv_q15_reg[15]_i_326/CO[3]
                         net (fo=1, unplaced)         0.000    30.201    u_mad/nv_q15_reg[15]_i_326_n_0
                         CARRY4 (Prop_carry4_CI_CO[3])
                                                      0.117    30.318 r  u_mad/nv_q15_reg[15]_i_321/CO[3]
                         net (fo=1, unplaced)         0.000    30.318    u_mad/nv_q15_reg[15]_i_321_n_0
                         CARRY4 (Prop_carry4_CI_CO[3])
                                                      0.117    30.435 r  u_mad/nv_q15_reg[15]_i_318/CO[3]
                         net (fo=1, unplaced)         0.000    30.435    u_mad/nv_q15_reg[15]_i_318_n_0
                         CARRY4 (Prop_carry4_CI_CO[1])
                                                      0.179    30.614 r  u_mad/nv_q15_reg[15]_i_317/CO[1]
                         net (fo=19, unplaced)        0.584    31.198    u_mad/nv_q15_reg[15]_i_317_n_2
                         CARRY4 (Prop_carry4_CYINIT_CO[3])
                                                      0.803    32.001 r  u_mad/nv_q15_reg[15]_i_279/CO[3]
                         net (fo=1, unplaced)         0.009    32.010    u_mad/nv_q15_reg[15]_i_279_n_0
                         CARRY4 (Prop_carry4_CI_CO[3])
                                                      0.117    32.127 r  u_mad/nv_q15_reg[15]_i_274/CO[3]
                         net (fo=1, unplaced)         0.000    32.127    u_mad/nv_q15_reg[15]_i_274_n_0
                         CARRY4 (Prop_carry4_CI_CO[3])
                                                      0.117    32.244 r  u_mad/nv_q15_reg[15]_i_269/CO[3]
                         net (fo=1, unplaced)         0.000    32.244    u_mad/nv_q15_reg[15]_i_269_n_0
                         CARRY4 (Prop_carry4_CI_CO[3])
                                                      0.117    32.361 r  u_mad/nv_q15_reg[15]_i_266/CO[3]
                         net (fo=1, unplaced)         0.000    32.361    u_mad/nv_q15_reg[15]_i_266_n_0
                         CARRY4 (Prop_carry4_CI_CO[1])
                                                      0.179    32.540 r  u_mad/nv_q15_reg[15]_i_265/CO[1]
                         net (fo=19, unplaced)        0.584    33.124    u_mad/nv_q15_reg[15]_i_265_n_2
                         CARRY4 (Prop_carry4_CYINIT_CO[3])
                                                      0.803    33.927 r  u_mad/nv_q15_reg[15]_i_194/CO[3]
                         net (fo=1, unplaced)         0.009    33.936    u_mad/nv_q15_reg[15]_i_194_n_0
                         CARRY4 (Prop_carry4_CI_CO[3])
                                                      0.117    34.053 r  u_mad/nv_q15_reg[15]_i_189/CO[3]
                         net (fo=1, unplaced)         0.000    34.053    u_mad/nv_q15_reg[15]_i_189_n_0
                         CARRY4 (Prop_carry4_CI_CO[3])
                                                      0.117    34.170 r  u_mad/nv_q15_reg[15]_i_184/CO[3]
                         net (fo=1, unplaced)         0.000    34.170    u_mad/nv_q15_reg[15]_i_184_n_0
                         CARRY4 (Prop_carry4_CI_CO[3])
                                                      0.117    34.287 r  u_mad/nv_q15_reg[15]_i_181/CO[3]
                         net (fo=1, unplaced)         0.000    34.287    u_mad/nv_q15_reg[15]_i_181_n_0
                         CARRY4 (Prop_carry4_CI_CO[1])
                                                      0.179    34.466 r  u_mad/nv_q15_reg[15]_i_180/CO[1]
                         net (fo=19, unplaced)        0.584    35.050    u_mad/nv_q15_reg[15]_i_180_n_2
                         CARRY4 (Prop_carry4_CYINIT_CO[3])
                                                      0.803    35.853 r  u_mad/nv_q15_reg[15]_i_150/CO[3]
                         net (fo=1, unplaced)         0.009    35.862    u_mad/nv_q15_reg[15]_i_150_n_0
                         CARRY4 (Prop_carry4_CI_CO[3])
                                                      0.117    35.979 r  u_mad/nv_q15_reg[15]_i_145/CO[3]
                         net (fo=1, unplaced)         0.000    35.979    u_mad/nv_q15_reg[15]_i_145_n_0
                         CARRY4 (Prop_carry4_CI_CO[3])
                                                      0.117    36.096 r  u_mad/nv_q15_reg[15]_i_140/CO[3]
                         net (fo=1, unplaced)         0.000    36.096    u_mad/nv_q15_reg[15]_i_140_n_0
                         CARRY4 (Prop_carry4_CI_CO[3])
                                                      0.117    36.213 r  u_mad/nv_q15_reg[15]_i_137/CO[3]
                         net (fo=1, unplaced)         0.000    36.213    u_mad/nv_q15_reg[15]_i_137_n_0
                         CARRY4 (Prop_carry4_CI_CO[1])
                                                      0.179    36.392 r  u_mad/nv_q15_reg[15]_i_136/CO[1]
                         net (fo=19, unplaced)        0.584    36.976    u_mad/nv_q15_reg[15]_i_136_n_2
                         CARRY4 (Prop_carry4_CYINIT_CO[3])
                                                      0.803    37.779 r  u_mad/nv_q15_reg[15]_i_112/CO[3]
                         net (fo=1, unplaced)         0.009    37.788    u_mad/nv_q15_reg[15]_i_112_n_0
                         CARRY4 (Prop_carry4_CI_CO[3])
                                                      0.117    37.905 r  u_mad/nv_q15_reg[15]_i_107/CO[3]
                         net (fo=1, unplaced)         0.000    37.905    u_mad/nv_q15_reg[15]_i_107_n_0
                         CARRY4 (Prop_carry4_CI_CO[3])
                                                      0.117    38.022 r  u_mad/nv_q15_reg[15]_i_102/CO[3]
                         net (fo=1, unplaced)         0.000    38.022    u_mad/nv_q15_reg[15]_i_102_n_0
                         CARRY4 (Prop_carry4_CI_CO[3])
                                                      0.117    38.139 r  u_mad/nv_q15_reg[15]_i_99/CO[3]
                         net (fo=1, unplaced)         0.000    38.139    u_mad/nv_q15_reg[15]_i_99_n_0
                         CARRY4 (Prop_carry4_CI_CO[1])
                                                      0.179    38.318 r  u_mad/nv_q15_reg[15]_i_98/CO[1]
                         net (fo=19, unplaced)        0.584    38.902    u_mad/nv_q15_reg[15]_i_98_n_2
                         CARRY4 (Prop_carry4_CYINIT_CO[3])
                                                      0.803    39.705 r  u_mad/nv_q15_reg[15]_i_79/CO[3]
                         net (fo=1, unplaced)         0.009    39.714    u_mad/nv_q15_reg[15]_i_79_n_0
                         CARRY4 (Prop_carry4_CI_CO[3])
                                                      0.117    39.831 r  u_mad/nv_q15_reg[15]_i_74/CO[3]
                         net (fo=1, unplaced)         0.000    39.831    u_mad/nv_q15_reg[15]_i_74_n_0
                         CARRY4 (Prop_carry4_CI_CO[3])
                                                      0.117    39.948 r  u_mad/nv_q15_reg[15]_i_69/CO[3]
                         net (fo=1, unplaced)         0.000    39.948    u_mad/nv_q15_reg[15]_i_69_n_0
                         CARRY4 (Prop_carry4_CI_CO[3])
                                                      0.117    40.065 r  u_mad/nv_q15_reg[15]_i_66/CO[3]
                         net (fo=1, unplaced)         0.000    40.065    u_mad/nv_q15_reg[15]_i_66_n_0
                         CARRY4 (Prop_carry4_CI_CO[1])
                                                      0.179    40.244 r  u_mad/nv_q15_reg[15]_i_65/CO[1]
                         net (fo=19, unplaced)        0.584    40.828    u_mad/nv_q15_reg[15]_i_65_n_2
                         CARRY4 (Prop_carry4_CYINIT_CO[3])
                                                      0.803    41.631 r  u_mad/nv_q15_reg[15]_i_60/CO[3]
                         net (fo=1, unplaced)         0.009    41.640    u_mad/nv_q15_reg[15]_i_60_n_0
                         CARRY4 (Prop_carry4_CI_CO[3])
                                                      0.117    41.757 r  u_mad/nv_q15_reg[15]_i_44/CO[3]
                         net (fo=1, unplaced)         0.000    41.757    u_mad/nv_q15_reg[15]_i_44_n_0
                         CARRY4 (Prop_carry4_CI_CO[3])
                                                      0.117    41.874 r  u_mad/nv_q15_reg[15]_i_39/CO[3]
                         net (fo=1, unplaced)         0.000    41.874    u_mad/nv_q15_reg[15]_i_39_n_0
                         CARRY4 (Prop_carry4_CI_CO[3])
                                                      0.117    41.991 r  u_mad/nv_q15_reg[15]_i_36/CO[3]
                         net (fo=1, unplaced)         0.000    41.991    u_mad/nv_q15_reg[15]_i_36_n_0
                         CARRY4 (Prop_carry4_CI_CO[1])
                                                      0.179    42.170 r  u_mad/nv_q15_reg[15]_i_35/CO[1]
                         net (fo=19, unplaced)        0.584    42.754    u_mad/nv_q15_reg[15]_i_35_n_2
                         CARRY4 (Prop_carry4_CYINIT_CO[3])
                                                      0.803    43.557 r  u_mad/nv_q15_reg[15]_i_55/CO[3]
                         net (fo=1, unplaced)         0.009    43.566    u_mad/nv_q15_reg[15]_i_55_n_0
                         CARRY4 (Prop_carry4_CI_CO[3])
                                                      0.117    43.683 r  u_mad/nv_q15_reg[15]_i_30/CO[3]
                         net (fo=1, unplaced)         0.000    43.683    u_mad/nv_q15_reg[15]_i_30_n_0
                         CARRY4 (Prop_carry4_CI_CO[3])
                                                      0.117    43.800 r  u_mad/nv_q15_reg[15]_i_19/CO[3]
                         net (fo=1, unplaced)         0.000    43.800    u_mad/nv_q15_reg[15]_i_19_n_0
                         CARRY4 (Prop_carry4_CI_CO[3])
                                                      0.117    43.917 r  u_mad/nv_q15_reg[15]_i_16/CO[3]
                         net (fo=1, unplaced)         0.000    43.917    u_mad/nv_q15_reg[15]_i_16_n_0
                         CARRY4 (Prop_carry4_CI_CO[1])
                                                      0.179    44.096 r  u_mad/nv_q15_reg[15]_i_15/CO[1]
                         net (fo=19, unplaced)        0.584    44.680    u_mad/nv_q15_reg[15]_i_15_n_2
                         CARRY4 (Prop_carry4_CYINIT_CO[3])
                                                      0.803    45.483 r  u_mad/nv_q15_reg[15]_i_50/CO[3]
                         net (fo=1, unplaced)         0.009    45.492    u_mad/nv_q15_reg[15]_i_50_n_0
                         CARRY4 (Prop_carry4_CI_CO[3])
                                                      0.117    45.609 r  u_mad/nv_q15_reg[15]_i_25/CO[3]
                         net (fo=1, unplaced)         0.000    45.609    u_mad/nv_q15_reg[15]_i_25_n_0
                         CARRY4 (Prop_carry4_CI_CO[3])
                                                      0.117    45.726 r  u_mad/nv_q15_reg[15]_i_10/CO[3]
                         net (fo=1, unplaced)         0.000    45.726    u_mad/nv_q15_reg[15]_i_10_n_0
                         CARRY4 (Prop_carry4_CI_CO[3])
                                                      0.117    45.843 r  u_mad/nv_q15_reg[15]_i_6/CO[3]
                         net (fo=1, unplaced)         0.000    45.843    u_mad/nv_q15_reg[15]_i_6_n_0
                         CARRY4 (Prop_carry4_CI_CO[1])
                                                      0.179    46.022 r  u_mad/nv_q15_reg[15]_i_5/CO[1]
                         net (fo=19, unplaced)        0.584    46.606    u_mad/nv_q15_reg[15]_i_5_n_2
                         CARRY4 (Prop_carry4_CYINIT_CO[3])
                                                      0.803    47.409 r  u_mad/nv_q15_reg[15]_i_49/CO[3]
                         net (fo=1, unplaced)         0.009    47.418    u_mad/nv_q15_reg[15]_i_49_n_0
                         CARRY4 (Prop_carry4_CI_CO[3])
                                                      0.117    47.535 r  u_mad/nv_q15_reg[15]_i_24/CO[3]
                         net (fo=1, unplaced)         0.000    47.535    u_mad/nv_q15_reg[15]_i_24_n_0
                         CARRY4 (Prop_carry4_CI_CO[3])
                                                      0.117    47.652 r  u_mad/nv_q15_reg[15]_i_9/CO[3]
                         net (fo=1, unplaced)         0.000    47.652    u_mad/nv_q15_reg[15]_i_9_n_0
                         CARRY4 (Prop_carry4_CI_CO[3])
                                                      0.117    47.769 r  u_mad/nv_q15_reg[15]_i_4/CO[3]
                         net (fo=1, unplaced)         0.000    47.769    u_mad/nv_q15_reg[15]_i_4_n_0
                         CARRY4 (Prop_carry4_CI_CO[1])
                                                      0.179    47.948 r  u_mad/nv_q15_reg[15]_i_3/CO[1]
                         net (fo=22, unplaced)        0.587    48.535    u_mad/nv_q15_reg[15]_i_3_n_2
                         CARRY4 (Prop_carry4_CYINIT_CO[3])
                                                      0.803    49.338 r  u_mad/nv_q15_reg[14]_i_16/CO[3]
                         net (fo=1, unplaced)         0.009    49.347    u_mad/nv_q15_reg[14]_i_16_n_0
                         CARRY4 (Prop_carry4_CI_CO[3])
                                                      0.117    49.464 r  u_mad/nv_q15_reg[14]_i_11/CO[3]
                         net (fo=1, unplaced)         0.000    49.464    u_mad/nv_q15_reg[14]_i_11_n_0
                         CARRY4 (Prop_carry4_CI_CO[3])
                                                      0.117    49.581 r  u_mad/nv_q15_reg[14]_i_6/CO[3]
                         net (fo=1, unplaced)         0.000    49.581    u_mad/nv_q15_reg[14]_i_6_n_0
                         CARRY4 (Prop_carry4_CI_CO[3])
                                                      0.117    49.698 r  u_mad/nv_q15_reg[14]_i_3/CO[3]
                         net (fo=1, unplaced)         0.000    49.698    u_mad/nv_q15_reg[14]_i_3_n_0
                         CARRY4 (Prop_carry4_CI_CO[1])
                                                      0.179    49.877 r  u_mad/nv_q15_reg[14]_i_2/CO[1]
                         net (fo=22, unplaced)        0.587    50.464    u_mad/nv_q15_reg[14]_i_2_n_2
                         CARRY4 (Prop_carry4_CYINIT_CO[3])
                                                      0.803    51.267 r  u_mad/nv_q15_reg[13]_i_16/CO[3]
                         net (fo=1, unplaced)         0.009    51.276    u_mad/nv_q15_reg[13]_i_16_n_0
                         CARRY4 (Prop_carry4_CI_CO[3])
                                                      0.117    51.393 r  u_mad/nv_q15_reg[13]_i_11/CO[3]
                         net (fo=1, unplaced)         0.000    51.393    u_mad/nv_q15_reg[13]_i_11_n_0
                         CARRY4 (Prop_carry4_CI_CO[3])
                                                      0.117    51.510 r  u_mad/nv_q15_reg[13]_i_6/CO[3]
                         net (fo=1, unplaced)         0.000    51.510    u_mad/nv_q15_reg[13]_i_6_n_0
                         CARRY4 (Prop_carry4_CI_CO[3])
                                                      0.117    51.627 r  u_mad/nv_q15_reg[13]_i_3/CO[3]
                         net (fo=1, unplaced)         0.000    51.627    u_mad/nv_q15_reg[13]_i_3_n_0
                         CARRY4 (Prop_carry4_CI_CO[1])
                                                      0.179    51.806 r  u_mad/nv_q15_reg[13]_i_2/CO[1]
                         net (fo=22, unplaced)        0.587    52.393    u_mad/nv_q15_reg[13]_i_2_n_2
                         CARRY4 (Prop_carry4_CYINIT_CO[3])
                                                      0.803    53.196 r  u_mad/nv_q15_reg[12]_i_16/CO[3]
                         net (fo=1, unplaced)         0.009    53.205    u_mad/nv_q15_reg[12]_i_16_n_0
                         CARRY4 (Prop_carry4_CI_CO[3])
                                                      0.117    53.322 r  u_mad/nv_q15_reg[12]_i_11/CO[3]
                         net (fo=1, unplaced)         0.000    53.322    u_mad/nv_q15_reg[12]_i_11_n_0
                         CARRY4 (Prop_carry4_CI_CO[3])
                                                      0.117    53.439 r  u_mad/nv_q15_reg[12]_i_6/CO[3]
                         net (fo=1, unplaced)         0.000    53.439    u_mad/nv_q15_reg[12]_i_6_n_0
                         CARRY4 (Prop_carry4_CI_CO[3])
                                                      0.117    53.556 r  u_mad/nv_q15_reg[12]_i_3/CO[3]
                         net (fo=1, unplaced)         0.000    53.556    u_mad/nv_q15_reg[12]_i_3_n_0
                         CARRY4 (Prop_carry4_CI_CO[1])
                                                      0.179    53.735 r  u_mad/nv_q15_reg[12]_i_2/CO[1]
                         net (fo=22, unplaced)        0.587    54.322    u_mad/nv_q15_reg[12]_i_2_n_2
                         CARRY4 (Prop_carry4_CYINIT_CO[3])
                                                      0.803    55.125 r  u_mad/nv_q15_reg[11]_i_16/CO[3]
                         net (fo=1, unplaced)         0.009    55.134    u_mad/nv_q15_reg[11]_i_16_n_0
                         CARRY4 (Prop_carry4_CI_CO[3])
                                                      0.117    55.251 r  u_mad/nv_q15_reg[11]_i_11/CO[3]
                         net (fo=1, unplaced)         0.000    55.251    u_mad/nv_q15_reg[11]_i_11_n_0
                         CARRY4 (Prop_carry4_CI_CO[3])
                                                      0.117    55.368 r  u_mad/nv_q15_reg[11]_i_6/CO[3]
                         net (fo=1, unplaced)         0.000    55.368    u_mad/nv_q15_reg[11]_i_6_n_0
                         CARRY4 (Prop_carry4_CI_CO[3])
                                                      0.117    55.485 r  u_mad/nv_q15_reg[11]_i_3/CO[3]
                         net (fo=1, unplaced)         0.000    55.485    u_mad/nv_q15_reg[11]_i_3_n_0
                         CARRY4 (Prop_carry4_CI_CO[1])
                                                      0.179    55.664 r  u_mad/nv_q15_reg[11]_i_2/CO[1]
                         net (fo=22, unplaced)        0.587    56.251    u_mad/nv_q15_reg[11]_i_2_n_2
                         CARRY4 (Prop_carry4_CYINIT_CO[3])
                                                      0.803    57.054 r  u_mad/nv_q15_reg[10]_i_16/CO[3]
                         net (fo=1, unplaced)         0.009    57.063    u_mad/nv_q15_reg[10]_i_16_n_0
                         CARRY4 (Prop_carry4_CI_CO[3])
                                                      0.117    57.180 r  u_mad/nv_q15_reg[10]_i_11/CO[3]
                         net (fo=1, unplaced)         0.000    57.180    u_mad/nv_q15_reg[10]_i_11_n_0
                         CARRY4 (Prop_carry4_CI_CO[3])
                                                      0.117    57.297 r  u_mad/nv_q15_reg[10]_i_6/CO[3]
                         net (fo=1, unplaced)         0.000    57.297    u_mad/nv_q15_reg[10]_i_6_n_0
                         CARRY4 (Prop_carry4_CI_CO[3])
                                                      0.117    57.414 r  u_mad/nv_q15_reg[10]_i_3/CO[3]
                         net (fo=1, unplaced)         0.000    57.414    u_mad/nv_q15_reg[10]_i_3_n_0
                         CARRY4 (Prop_carry4_CI_CO[1])
                                                      0.179    57.593 r  u_mad/nv_q15_reg[10]_i_2/CO[1]
                         net (fo=23, unplaced)        0.588    58.181    u_mad/nv_q15_reg[10]_i_2_n_2
                         CARRY4 (Prop_carry4_CYINIT_CO[3])
                                                      0.803    58.984 r  u_mad/nv_q15_reg[9]_i_16/CO[3]
                         net (fo=1, unplaced)         0.009    58.993    u_mad/nv_q15_reg[9]_i_16_n_0
                         CARRY4 (Prop_carry4_CI_CO[3])
                                                      0.117    59.110 r  u_mad/nv_q15_reg[9]_i_11/CO[3]
                         net (fo=1, unplaced)         0.000    59.110    u_mad/nv_q15_reg[9]_i_11_n_0
                         CARRY4 (Prop_carry4_CI_CO[3])
                                                      0.117    59.227 r  u_mad/nv_q15_reg[9]_i_6/CO[3]
                         net (fo=1, unplaced)         0.000    59.227    u_mad/nv_q15_reg[9]_i_6_n_0
                         CARRY4 (Prop_carry4_CI_CO[3])
                                                      0.117    59.344 r  u_mad/nv_q15_reg[9]_i_3/CO[3]
                         net (fo=1, unplaced)         0.000    59.344    u_mad/nv_q15_reg[9]_i_3_n_0
                         CARRY4 (Prop_carry4_CI_CO[1])
                                                      0.179    59.523 r  u_mad/nv_q15_reg[9]_i_2/CO[1]
                         net (fo=22, unplaced)        0.587    60.110    u_mad/nv_q15_reg[9]_i_2_n_2
                         CARRY4 (Prop_carry4_CYINIT_CO[3])
                                                      0.803    60.913 r  u_mad/nv_q15_reg[8]_i_16/CO[3]
                         net (fo=1, unplaced)         0.009    60.922    u_mad/nv_q15_reg[8]_i_16_n_0
                         CARRY4 (Prop_carry4_CI_CO[3])
                                                      0.117    61.039 r  u_mad/nv_q15_reg[8]_i_11/CO[3]
                         net (fo=1, unplaced)         0.000    61.039    u_mad/nv_q15_reg[8]_i_11_n_0
                         CARRY4 (Prop_carry4_CI_CO[3])
                                                      0.117    61.156 r  u_mad/nv_q15_reg[8]_i_6/CO[3]
                         net (fo=1, unplaced)         0.000    61.156    u_mad/nv_q15_reg[8]_i_6_n_0
                         CARRY4 (Prop_carry4_CI_CO[3])
                                                      0.117    61.273 r  u_mad/nv_q15_reg[8]_i_3/CO[3]
                         net (fo=1, unplaced)         0.000    61.273    u_mad/nv_q15_reg[8]_i_3_n_0
                         CARRY4 (Prop_carry4_CI_CO[1])
                                                      0.179    61.452 r  u_mad/nv_q15_reg[8]_i_2/CO[1]
                         net (fo=22, unplaced)        0.587    62.039    u_mad/nv_q15_reg[8]_i_2_n_2
                         CARRY4 (Prop_carry4_CYINIT_CO[3])
                                                      0.803    62.842 r  u_mad/nv_q15_reg[7]_i_16/CO[3]
                         net (fo=1, unplaced)         0.009    62.851    u_mad/nv_q15_reg[7]_i_16_n_0
                         CARRY4 (Prop_carry4_CI_CO[3])
                                                      0.117    62.968 r  u_mad/nv_q15_reg[7]_i_11/CO[3]
                         net (fo=1, unplaced)         0.000    62.968    u_mad/nv_q15_reg[7]_i_11_n_0
                         CARRY4 (Prop_carry4_CI_CO[3])
                                                      0.117    63.085 r  u_mad/nv_q15_reg[7]_i_6/CO[3]
                         net (fo=1, unplaced)         0.000    63.085    u_mad/nv_q15_reg[7]_i_6_n_0
                         CARRY4 (Prop_carry4_CI_CO[3])
                                                      0.117    63.202 r  u_mad/nv_q15_reg[7]_i_3/CO[3]
                         net (fo=1, unplaced)         0.000    63.202    u_mad/nv_q15_reg[7]_i_3_n_0
                         CARRY4 (Prop_carry4_CI_CO[1])
                                                      0.179    63.381 r  u_mad/nv_q15_reg[7]_i_2/CO[1]
                         net (fo=22, unplaced)        0.587    63.968    u_mad/nv_q15_reg[7]_i_2_n_2
                         CARRY4 (Prop_carry4_CYINIT_CO[3])
                                                      0.803    64.771 r  u_mad/nv_q15_reg[6]_i_16/CO[3]
                         net (fo=1, unplaced)         0.009    64.780    u_mad/nv_q15_reg[6]_i_16_n_0
                         CARRY4 (Prop_carry4_CI_CO[3])
                                                      0.117    64.897 r  u_mad/nv_q15_reg[6]_i_11/CO[3]
                         net (fo=1, unplaced)         0.000    64.897    u_mad/nv_q15_reg[6]_i_11_n_0
                         CARRY4 (Prop_carry4_CI_CO[3])
                                                      0.117    65.014 r  u_mad/nv_q15_reg[6]_i_6/CO[3]
                         net (fo=1, unplaced)         0.000    65.014    u_mad/nv_q15_reg[6]_i_6_n_0
                         CARRY4 (Prop_carry4_CI_CO[3])
                                                      0.117    65.131 r  u_mad/nv_q15_reg[6]_i_3/CO[3]
                         net (fo=1, unplaced)         0.000    65.131    u_mad/nv_q15_reg[6]_i_3_n_0
                         CARRY4 (Prop_carry4_CI_CO[1])
                                                      0.179    65.310 r  u_mad/nv_q15_reg[6]_i_2/CO[1]
                         net (fo=22, unplaced)        0.587    65.897    u_mad/nv_q15_reg[6]_i_2_n_2
                         CARRY4 (Prop_carry4_CYINIT_CO[3])
                                                      0.803    66.700 r  u_mad/nv_q15_reg[5]_i_16/CO[3]
                         net (fo=1, unplaced)         0.009    66.709    u_mad/nv_q15_reg[5]_i_16_n_0
                         CARRY4 (Prop_carry4_CI_CO[3])
                                                      0.117    66.826 r  u_mad/nv_q15_reg[5]_i_11/CO[3]
                         net (fo=1, unplaced)         0.000    66.826    u_mad/nv_q15_reg[5]_i_11_n_0
                         CARRY4 (Prop_carry4_CI_CO[3])
                                                      0.117    66.943 r  u_mad/nv_q15_reg[5]_i_6/CO[3]
                         net (fo=1, unplaced)         0.000    66.943    u_mad/nv_q15_reg[5]_i_6_n_0
                         CARRY4 (Prop_carry4_CI_CO[3])
                                                      0.117    67.060 r  u_mad/nv_q15_reg[5]_i_3/CO[3]
                         net (fo=1, unplaced)         0.000    67.060    u_mad/nv_q15_reg[5]_i_3_n_0
                         CARRY4 (Prop_carry4_CI_CO[1])
                                                      0.179    67.239 r  u_mad/nv_q15_reg[5]_i_2/CO[1]
                         net (fo=22, unplaced)        0.587    67.826    u_mad/nv_q15_reg[5]_i_2_n_2
                         CARRY4 (Prop_carry4_CYINIT_CO[3])
                                                      0.803    68.629 r  u_mad/nv_q15_reg[4]_i_16/CO[3]
                         net (fo=1, unplaced)         0.009    68.638    u_mad/nv_q15_reg[4]_i_16_n_0
                         CARRY4 (Prop_carry4_CI_CO[3])
                                                      0.117    68.755 r  u_mad/nv_q15_reg[4]_i_11/CO[3]
                         net (fo=1, unplaced)         0.000    68.755    u_mad/nv_q15_reg[4]_i_11_n_0
                         CARRY4 (Prop_carry4_CI_CO[3])
                                                      0.117    68.872 r  u_mad/nv_q15_reg[4]_i_6/CO[3]
                         net (fo=1, unplaced)         0.000    68.872    u_mad/nv_q15_reg[4]_i_6_n_0
                         CARRY4 (Prop_carry4_CI_CO[3])
                                                      0.117    68.989 r  u_mad/nv_q15_reg[4]_i_3/CO[3]
                         net (fo=1, unplaced)         0.000    68.989    u_mad/nv_q15_reg[4]_i_3_n_0
                         CARRY4 (Prop_carry4_CI_CO[1])
                                                      0.179    69.168 r  u_mad/nv_q15_reg[4]_i_2/CO[1]
                         net (fo=22, unplaced)        0.587    69.755    u_mad/nv_q15_reg[4]_i_2_n_2
                         CARRY4 (Prop_carry4_CYINIT_CO[3])
                                                      0.803    70.558 r  u_mad/nv_q15_reg[3]_i_16/CO[3]
                         net (fo=1, unplaced)         0.009    70.567    u_mad/nv_q15_reg[3]_i_16_n_0
                         CARRY4 (Prop_carry4_CI_CO[3])
                                                      0.117    70.684 r  u_mad/nv_q15_reg[3]_i_11/CO[3]
                         net (fo=1, unplaced)         0.000    70.684    u_mad/nv_q15_reg[3]_i_11_n_0
                         CARRY4 (Prop_carry4_CI_CO[3])
                                                      0.117    70.801 r  u_mad/nv_q15_reg[3]_i_6/CO[3]
                         net (fo=1, unplaced)         0.000    70.801    u_mad/nv_q15_reg[3]_i_6_n_0
                         CARRY4 (Prop_carry4_CI_CO[3])
                                                      0.117    70.918 r  u_mad/nv_q15_reg[3]_i_3/CO[3]
                         net (fo=1, unplaced)         0.000    70.918    u_mad/nv_q15_reg[3]_i_3_n_0
                         CARRY4 (Prop_carry4_CI_CO[1])
                                                      0.179    71.097 r  u_mad/nv_q15_reg[3]_i_2/CO[1]
                         net (fo=22, unplaced)        0.587    71.684    u_mad/nv_q15_reg[3]_i_2_n_2
                         CARRY4 (Prop_carry4_CYINIT_CO[3])
                                                      0.803    72.487 r  u_mad/nv_q15_reg[2]_i_16/CO[3]
                         net (fo=1, unplaced)         0.009    72.496    u_mad/nv_q15_reg[2]_i_16_n_0
                         CARRY4 (Prop_carry4_CI_CO[3])
                                                      0.117    72.613 r  u_mad/nv_q15_reg[2]_i_11/CO[3]
                         net (fo=1, unplaced)         0.000    72.613    u_mad/nv_q15_reg[2]_i_11_n_0
                         CARRY4 (Prop_carry4_CI_CO[3])
                                                      0.117    72.730 r  u_mad/nv_q15_reg[2]_i_6/CO[3]
                         net (fo=1, unplaced)         0.000    72.730    u_mad/nv_q15_reg[2]_i_6_n_0
                         CARRY4 (Prop_carry4_CI_CO[3])
                                                      0.117    72.847 r  u_mad/nv_q15_reg[2]_i_3/CO[3]
                         net (fo=1, unplaced)         0.000    72.847    u_mad/nv_q15_reg[2]_i_3_n_0
                         CARRY4 (Prop_carry4_CI_CO[1])
                                                      0.179    73.026 r  u_mad/nv_q15_reg[2]_i_2/CO[1]
                         net (fo=22, unplaced)        0.587    73.613    u_mad/nv_q15_reg[2]_i_2_n_2
                         CARRY4 (Prop_carry4_CYINIT_CO[3])
                                                      0.803    74.416 r  u_mad/nv_q15_reg[1]_i_16/CO[3]
                         net (fo=1, unplaced)         0.009    74.425    u_mad/nv_q15_reg[1]_i_16_n_0
                         CARRY4 (Prop_carry4_CI_CO[3])
                                                      0.117    74.542 r  u_mad/nv_q15_reg[1]_i_11/CO[3]
                         net (fo=1, unplaced)         0.000    74.542    u_mad/nv_q15_reg[1]_i_11_n_0
                         CARRY4 (Prop_carry4_CI_CO[3])
                                                      0.117    74.659 r  u_mad/nv_q15_reg[1]_i_6/CO[3]
                         net (fo=1, unplaced)         0.000    74.659    u_mad/nv_q15_reg[1]_i_6_n_0
                         CARRY4 (Prop_carry4_CI_CO[3])
                                                      0.117    74.776 r  u_mad/nv_q15_reg[1]_i_3/CO[3]
                         net (fo=1, unplaced)         0.000    74.776    u_mad/nv_q15_reg[1]_i_3_n_0
                         CARRY4 (Prop_carry4_CI_CO[1])
                                                      0.179    74.955 r  u_mad/nv_q15_reg[1]_i_2/CO[1]
                         net (fo=22, unplaced)        0.587    75.542    u_mad/nv_q15_reg[1]_i_2_n_2
                         CARRY4 (Prop_carry4_CYINIT_CO[3])
                                                      0.803    76.345 r  u_mad/nv_q15_reg[0]_i_15/CO[3]
                         net (fo=1, unplaced)         0.009    76.354    u_mad/nv_q15_reg[0]_i_15_n_0
                         CARRY4 (Prop_carry4_CI_CO[3])
                                                      0.117    76.471 r  u_mad/nv_q15_reg[0]_i_10/CO[3]
                         net (fo=1, unplaced)         0.000    76.471    u_mad/nv_q15_reg[0]_i_10_n_0
                         CARRY4 (Prop_carry4_CI_CO[3])
                                                      0.117    76.588 r  u_mad/nv_q15_reg[0]_i_5/CO[3]
                         net (fo=1, unplaced)         0.000    76.588    u_mad/nv_q15_reg[0]_i_5_n_0
                         CARRY4 (Prop_carry4_CI_CO[3])
                                                      0.117    76.705 r  u_mad/nv_q15_reg[0]_i_3/CO[3]
                         net (fo=1, unplaced)         0.000    76.705    u_mad/nv_q15_reg[0]_i_3_n_0
                         CARRY4 (Prop_carry4_CI_CO[0])
                                                      0.281    76.986 r  u_mad/nv_q15_reg[0]_i_2/CO[0]
                         net (fo=1, unplaced)         0.311    77.297    u_mad/nv_q15_reg[0]_i_2_n_3
                         LUT5 (Prop_lut5_I4_O)        0.367    77.664 r  u_mad/nv_q15[0]_i_1/O
                         net (fo=1, unplaced)         0.000    77.664    u_mad/nv_result[0]
                         FDRE                                         r  u_mad/nv_q15_reg[0]/D
  -------------------------------------------------------------------    -------------------

                         (clock clk rise edge)       10.000    10.000 r  
                                                      0.000    10.000 r  clk (IN)
                         net (fo=0)                   0.000    10.000    clk
                         IBUF (Prop_ibuf_I_O)         0.789    10.789 r  clk_IBUF_inst/O
                         net (fo=1, unplaced)         0.760    11.549    clk_IBUF
                         BUFG (Prop_bufg_I_O)         0.091    11.640 r  clk_IBUF_BUFG_inst/O
                         net (fo=549, unplaced)       0.439    12.079    u_mad/clk_IBUF_BUFG
                         FDRE                                         r  u_mad/nv_q15_reg[0]/C
                         clock pessimism              0.178    12.257    
                         clock uncertainty           -0.035    12.222    
                         FDRE (Setup_fdre_C_D)        0.029    12.251    u_mad/nv_q15_reg[0]
  -------------------------------------------------------------------
                         required time                         12.251    
                         arrival time                         -77.664    
  -------------------------------------------------------------------
                         slack                                -65.413    





Min Delay Paths
--------------------------------------------------------------------------------------
Slack (MET) :             0.101ns  (arrival time - required time)
  Source:                 u_sq/y_out_reg[10]/C
                            (rising edge-triggered cell FDRE clocked by clk  {rise@0.000ns fall@5.000ns period=10.000ns})
  Destination:            u_mwi/sr_reg[27][10]_srl28___u_mwi_sr_reg_r_26/D
                            (rising edge-triggered cell SRLC32E clocked by clk  {rise@0.000ns fall@5.000ns period=10.000ns})
  Path Group:             clk
  Path Type:              Hold (Min at Fast Process Corner)
  Requirement:            0.000ns  (clk rise@0.000ns - clk rise@0.000ns)
  Data Path Delay:        0.310ns  (logic 0.141ns (45.418%)  route 0.169ns (54.582%))
  Logic Levels:           0  
  Clock Path Skew:        0.145ns (DCD - SCD - CPR)
    Destination Clock Delay (DCD):    0.983ns
    Source Clock Delay      (SCD):    0.629ns
    Clock Pessimism Removal (CPR):    0.209ns

    Location             Delay type                Incr(ns)  Path(ns)    Netlist Resource(s)
  -------------------------------------------------------------------    -------------------
                         (clock clk rise edge)        0.000     0.000 r  
                                                      0.000     0.000 r  clk (IN)
                         net (fo=0)                   0.000     0.000    clk
                         IBUF (Prop_ibuf_I_O)         0.152     0.152 r  clk_IBUF_inst/O
                         net (fo=1, unplaced)         0.337     0.489    clk_IBUF
                         BUFG (Prop_bufg_I_O)         0.026     0.515 r  clk_IBUF_BUFG_inst/O
                         net (fo=549, unplaced)       0.114     0.629    u_sq/clk_IBUF_BUFG
                         FDRE                                         r  u_sq/y_out_reg[10]/C
  -------------------------------------------------------------------    -------------------
                         FDRE (Prop_fdre_C_Q)         0.141     0.770 r  u_sq/y_out_reg[10]/Q
                         net (fo=3, unplaced)         0.169     0.939    u_mwi/sq_out[10]
                         SRLC32E                                      r  u_mwi/sr_reg[27][10]_srl28___u_mwi_sr_reg_r_26/D
  -------------------------------------------------------------------    -------------------

                         (clock clk rise edge)        0.000     0.000 r  
                                                      0.000     0.000 r  clk (IN)
                         net (fo=0)                   0.000     0.000    clk
                         IBUF (Prop_ibuf_I_O)         0.340     0.340 r  clk_IBUF_inst/O
                         net (fo=1, unplaced)         0.355     0.695    clk_IBUF
                         BUFG (Prop_bufg_I_O)         0.029     0.724 r  clk_IBUF_BUFG_inst/O
                         net (fo=549, unplaced)       0.259     0.983    u_mwi/clk_IBUF_BUFG
                         SRLC32E                                      r  u_mwi/sr_reg[27][10]_srl28___u_mwi_sr_reg_r_26/CLK
                         clock pessimism             -0.209     0.774    
                         SRLC32E (Hold_srlc32e_CLK_D)
                                                      0.064     0.838    u_mwi/sr_reg[27][10]_srl28___u_mwi_sr_reg_r_26
  -------------------------------------------------------------------
                         required time                         -0.838    
                         arrival time                           0.939    
  -------------------------------------------------------------------
                         slack                                  0.101    





Pulse Width Checks
--------------------------------------------------------------------------------------
Clock Name:         clk
Waveform(ns):       { 0.000 5.000 }
Period(ns):         10.000
Sources:            { clk }

Check Type        Corner  Lib Pin      Reference Pin  Required(ns)  Actual(ns)  Slack(ns)  Location  Pin
Min Period        n/a     BUFG/I       n/a            2.155         10.000      7.845                clk_IBUF_BUFG_inst/I
Low Pulse Width   Slow    SRLC32E/CLK  n/a            0.980         5.000       4.020                u_mwi/sr_reg[27][0]_srl28___u_mwi_sr_reg_r_26/CLK
High Pulse Width  Slow    SRLC32E/CLK  n/a            0.980         5.000       4.020                u_mwi/sr_reg[27][0]_srl28___u_mwi_sr_reg_r_26/CLK



